$ git ls-tree -1 head
error: unknown switch `1'
usage: git ls-tree [<options>] <tree-ish> [<path>...]

    -d                    only show trees
    -r                    recurse into subtrees
    -t                    show trees when recursing
    -z                    terminate entries with NUL byte
    -l, --long            include object size
    --name-only           list only filenames
    --name-status         list only filenames
    --object-only         list only objects
    --[no-]full-name      use full path names
    --[no-]full-tree      list entire tree; not just current directory (implies --full-name)
    --format <format>     format to use for the output
    --[no-]abbrev[=<n>]   use <n> digits to display object names


Administrator@DESKTOP-1D2G3LJ MINGW64 ~/Desktop (master)
$ git clean -fd
Unlink of file '2345加速浏览器.lnk' failed. Should I try again? (y/n) y
Unlink of file '2345加速浏览器.lnk' failed. Should I try again? (y/n) y
Unlink of file '2345加速浏览器.lnk' failed. Should I try again? (y/n) y
Unlink of file '2345加速浏览器.lnk' failed. Should I try again? (y/n) y
Unlink of file '2345加速浏览器.lnk' failed. Should I try again? (y/n)
Sorry, I did not understand your answer. Please type 'y' or 'n'
Unlink of file '2345加速浏览器.lnk' failed. Should I try again? (y/n)
Sorry, I did not understand your answer. Please type 'y' or 'n'
Unlink of file '2345加速浏览器.lnk' failed. Should I try again? (y/n) n
warning: failed to remove 2345加速浏览器.lnk: Invalid argument
Removing .jdks/.openjdk-20.0.1.intellij
Removing .jdks/hell/.gitignore
Removing .jdks/hell/.idea/.gitignore
Removing .jdks/hell/.idea/misc.xml
Removing .jdks/hell/.idea/modules.xml
Removing .jdks/hell/.idea/runConfigurations/
Removing .jdks/hell/hell.iml
Removing .jdks/hell/src/
Removing .jdks/openjdk-20.0.1/
Removing .minecraft/
Removing 111.txt
Removing Clash for Windows.exe - 快捷方式.lnk
Removing FinalShell.lnk
Removing GitHub.lnk
Removing HMCL-3.5.5.exe
Removing MySQL Command Line Client.lnk
Removing MySQL Workbench 8.0 CE.lnk
Removing Portal 2.url
Removing Portal.url
Removing RDM.lnk
Removing SQL Server Management Studio Management Studio 19.lnk
Removing Titanfall® 2.url
Removing Visual Studio Code.lnk
Removing WPS Office.lnk
Removing What Remains of Edith Finch.url
Removing a/
Removing desktop.ini
Removing geph.lnk
Removing gt.txt
Skipping repository gw/fun-music
Removing hmcl.json
Removing mysql.txt
Removing navicat.lnk
Removing sql.txt
Removing vue/
Removing ~$华信科技公司简介材料素材.docx
Removing 七日世界.lnk
Removing 三国杀.lnk
Removing 图书管理系统示例图片/
Removing 好压万能压缩.lnk
Removing 寒光加速器.lnk
Removing 百度网盘.lnk
Removing 穿越火线.lnk
Removing 编程实训任务.docx
Removing 腾讯QQ.lnk
Removing 金山打字通.lnk
Removing 雷电多开器.lnk
Removing 雷电模拟器4.lnk
Removing 风云CAD编辑器.lnk

Administrator@DESKTOP-1D2G3LJ MINGW64 ~/Desktop (master)
$ git checkout
fatal: You are on a branch yet to be born

Administrator@DESKTOP-1D2G3LJ MINGW64 ~/Desktop (master)
$ git checkout -- <file>
bash: syntax error near unexpected token `newline'

Administrator@DESKTOP-1D2G3LJ MINGW64 ~/Desktop (master)
$ git reset --soft HEAD^
fatal: ambiguous argument 'HEAD^': unknown revision or path not in the working tree.
Use '--' to separate paths from revisions, like this:
'git <command> [<revision>...] -- [<file>...]'

删除
$ git clean -fd
Unlink of file '2345加速浏览器.lnk' failed. Should I try again? (y/n) y
Unlink of file '2345加速浏览器.lnk' failed. Should I try again? (y/n) y
Unlink of file '2345加速浏览器.lnk' failed. Should I try again? (y/n) y
Unlink of file '2345加速浏览器.lnk' failed. Should I try again? (y/n) y
Unlink of file '2345加速浏览器.lnk' failed. Should I try again? (y/n)
Sorry, I did not understand your answer. Please type 'y' or 'n'
Unlink of file '2345加速浏览器.lnk' failed. Should I try again? (y/n)
Sorry, I did not understand your answer. Please type 'y' or 'n'
Unlink of file '2345加速浏览器.lnk' failed. Should I try again? (y/n) n
warning: failed to remove 2345加速浏览器.lnk: Invalid argument
Removing .jdks/.openjdk-20.0.1.intellij
Removing .jdks/hell/.gitignore
Removing .jdks/hell/.idea/.gitignore
Removing .jdks/hell/.idea/misc.xml
Removing .jdks/hell/.idea/modules.xml
Removing .jdks/hell/.idea/runConfigurations/
Removing .jdks/hell/hell.iml
Removing .jdks/hell/src/
Removing .jdks/openjdk-20.0.1/
Removing .minecraft/
Removing 111.txt
Removing Clash for Windows.exe - 快捷方式.lnk
Removing FinalShell.lnk
Removing GitHub.lnk
Removing HMCL-3.5.5.exe
Removing MySQL Command Line Client.lnk
Removing MySQL Workbench 8.0 CE.lnk
Removing Portal 2.url
Removing Portal.url
Removing RDM.lnk
Removing SQL Server Management Studio Management Studio 19.lnk
Removing Titanfall® 2.url
Removing Visual Studio Code.lnk
Removing WPS Office.lnk
Removing What Remains of Edith Finch.url
Removing a/
Removing desktop.ini
Removing geph.lnk
Removing gt.txt
Skipping repository gw/fun-music
Removing hmcl.json
Removing mysql.txt
Removing navicat.lnk
Removing sql.txt
Removing vue/
Removing ~$华信科技公司简介材料素材.docx
Removing 七日世界.lnk
Removing 三国杀.lnk
Removing 图书管理系统示例图片/
Removing 好压万能压缩.lnk
Removing 寒光加速器.lnk
Removing 百度网盘.lnk
Removing 穿越火线.lnk
Removing 编程实训任务.docx
Removing 腾讯QQ.lnk
Removing 金山打字通.lnk
Removing 雷电多开器.lnk
Removing 雷电模拟器4.lnk
Removing 风云CAD编辑器.lnk

Administrator@DESKTOP-1D2G3LJ MINGW64 ~/Desktop (master)
$ git checkout
fatal: You are on a branch yet to be born

Administrator@DESKTOP-1D2G3LJ MINGW64 ~/Desktop (master)
$ git checkout -- <file>
bash: syntax error near unexpected token `newline'

Administrator@DESKTOP-1D2G3LJ MINGW64 ~/Desktop (master)
$ git reset --soft HEAD^
fatal: ambiguous argument 'HEAD^': unknown revision or path not in the working tree.
Use '--' to separate paths from revisions, like this:
'git <command> [<revision>...] -- [<file>...]'

Administrator@DESKTOP-1D2G3LJ MINGW64 ~/Desktop (master)
$ git status -sb
## No commits yet on master
?? .jdks/
?? 2345加速浏览器.lnk
?? "SSMS-Setup-CHS (1).exe"
?? "Visual Studio Code.lnk"
?? git1.txt
?? gw/
?? vue_test/
?? 雷电多开器4.lnk

Administrator@DESKTOP-1D2G3LJ MINGW64 ~/Desktop (master)
$ git stash list

Administrator@DESKTOP-1D2G3LJ MINGW64 ~/Desktop (master)
$ git atash pop
git: 'atash' is not a git command. See 'git --help'.

The most similar command is
        stash

Administrator@DESKTOP-1D2G3LJ MINGW64 ~/Desktop (master)
$ git status
On branch master

No commits yet

Untracked files:
  (use "git add <file>..." to include in what will be committed)
        .jdks/
        2345加速浏览器.lnk
        SSMS-Setup-CHS (1).exe
        Visual Studio Code.lnk
        git1.txt
        gw/
        vue_test/
        雷电多开器4.lnk

nothing added to commit but untracked files present (use "git add" to track)

Administrator@DESKTOP-1D2G3LJ MINGW64 ~/Desktop (master)
$ git commit -m "add new file; a/b/c/hello.txt,but leave welcome.txt alone."
fatal: Unable to create 'C:/Users/Administrator/Desktop/.git/index.lock': File exists.

Another git process seems to be running in this repository, e.g.
an editor opened by 'git commit'. Please make sure all processes
are terminated then try again. If it still fails, a git process
may have crashed in this repository earlier:
remove the file manually to continue.

Administrator@DESKTOP-1D2G3LJ MINGW64 ~/Desktop (master)
$ git status -s
?? .jdks/
?? 2345加速浏览器.lnk
?? "SSMS-Setup-CHS (1).exe"
?? "Visual Studio Code.lnk"
?? git1.txt
?? gw/
?? vue_test/
?? 雷电多开器4.lnk

Administrator@DESKTOP-1D2G3LJ MINGW64 ~/Desktop (master)
$ git reset --soft HEAD
fatal: ambiguous argument 'HEAD': unknown revision or path not in the working tree.
Use '--' to separate paths from revisions, like this:
'git <command> [<revision>...] -- [<file>...]'

Administrator@DESKTOP-1D2G3LJ MINGW64 ~/Desktop (master)
$ git log -1 --pretty=oneline
fatal: your current branch 'master' does not have any commits yet

Administrator@DESKTOP-1D2G3LJ MINGW64 ~/Desktop (master)
$ git status -s
?? .jdks/
?? 2345加速浏览器.lnk
?? "SSMS-Setup-CHS (1).exe"
?? "Visual Studio Code.lnk"
?? git1.txt
?? gw/
?? vue_test/
?? 雷电多开器4.lnk

Administrator@DESKTOP-1D2G3LJ MINGW64 ~/Desktop (master)
$ git reset
fatal: Unable to create 'C:/Users/Administrator/Desktop/.git/index.lock': File exists.

Another git process seems to be running in this repository, e.g.
an editor opened by 'git commit'. Please make sure all processes
are terminated then try again. If it still fails, a git process
may have crashed in this repository earlier:
remove the file manually to continue.

Administrator@DESKTOP-1D2G3LJ MINGW64 ~/Desktop (master)
$ git clean
fatal: clean.requireForce defaults to true and neither -i, -n, nor -f given; refusing to clean

Administrator@DESKTOP-1D2G3LJ MINGW64 ~/Desktop (master)
$ git --exac-path
unknown option: --exac-path
usage: git [-v | --version] [-h | --help] [-C <path>] [-c <name>=<value>]
           [--exec-path[=<path>]] [--html-path] [--man-path] [--info-path]
           [-p | --paginate | -P | --no-pager] [--no-replace-objects] [--bare]
           [--git-dir=<path>] [--work-tree=<path>] [--namespace=<name>]
           [--config-env=<name>=<envvar>] <command> [<args>]

Administrator@DESKTOP-1D2G3LJ MINGW64 ~/Desktop (master)
$ git stash list

Administrator@DESKTOP-1D2G3LJ MINGW64 ~/Desktop (master)
$ git add hack-8.txt
fatal: Unable to create 'C:/Users/Administrator/Desktop/.git/index.lock': File exists.

Another git process seems to be running in this repository, e.g.
an editor opened by 'git commit'. Please make sure all processes
are terminated then try again. If it still fails, a git process
may have crashed in this repository earlier:
remove the file manually to continue.

Administrator@DESKTOP-1D2G3LJ MINGW64 ~/Desktop (master)
$ git stash
error: could not write index

Administrator@DESKTOP-1D2G3LJ MINGW64 ~/Desktop (master)
$ git log --graph --pretty=raw stash@{1} -3
fatal: ambiguous argument 'stash@{1}': unknown revision or path not in the working tree.
Use '--' to separate paths from revisions, like this:
'git <command> [<revision>...] -- [<file>...]'

Administrator@DESKTOP-1D2G3LJ MINGW64 ~/Desktop (master)
$ cd/path/to/my/workspace/demo
bash: cd/path/to/my/workspace/demo: No such file or directory

Administrator@DESKTOP-1D2G3LJ MINGW64 ~/Desktop (master)
$ git tag -m "Say bye-bye to all previous practice." old_practice
fatal: Failed to resolve 'HEAD' as a valid ref.

Administrator@DESKTOP-1D2G3LJ MINGW64 ~/Desktop (master)
$ git describa
git: 'describa' is not a git command. See 'git --help'.

The most similar command is
        describe

10.
$ git stash apply\
>
fatal: not a git repository (or any of the parent directories): .git

Administrator@DESKTOP-1D2G3LJ MINGW64 ~
$ git stash apply
fatal: not a git repository (or any of the parent directories): .git

Administrator@DESKTOP-1D2G3LJ MINGW64 ~
$ ls
 AppData/
'Application Data'@
 Contacts/
 Cookies@
 Desktop/
 Documents/
 Downloads/
 Favorites/
 IdeaProjects/
 IdeaSnapshots/
 Links/
'Local Settings'@
 Music/
'My Documents'@
 NTUSER.DAT
 NTUSER.DAT{a2332f18-cdbf-11ec-8680-002248483d79}.TM.blf
 NTUSER.DAT{a2332f18-cdbf-11ec-8680-002248483d79}.TMContainer00000000000000000001.regtrans-ms
 NTUSER.DAT{a2332f18-cdbf-11ec-8680-002248483d79}.TMContainer00000000000000000002.regtrans-ms
 NetHood@
 OneDrive/
 Pictures/
 PrintHood@
 PycharmProjects/
 Recent@
'Saved Games'/
 Searches/
 SendTo@
 Source/
 Templates@
 Videos/
'WPS Cloud Files'/
'Yinxiang Biji'/
 my-project/
 ntuser.dat.LOG1
 ntuser.dat.LOG2
 ntuser.ini
 package-lock.json
 package.json
 touhou_little_maid/
 vue-waimai/
 「开始」菜单@

Administrator@DESKTOP-1D2G3LJ MINGW64 ~
$ rm*.txt
bash: rm*.txt: command not found

Administrator@DESKTOP-1D2G3LJ MINGW64 ~
$ git ls-files
fatal: not a git repository (or any of the parent directories): .git

Administrator@DESKTOP-1D2G3LJ MINGW64 ~
$ git status
fatal: not a git repository (or any of the parent directories): .git

Administrator@DESKTOP-1D2G3LJ MINGW64 ~
$ git ls-files --with-tree=HEAD^
fatal: not a git repository (or any of the parent directories): .git

Administrator@DESKTOP-1D2G3LJ MINGW64 ~
$ git stash apply -q
fatal: not a git repository (or any of the parent directories): .git

Administrator@DESKTOP-1D2G3LJ MINGW64 ~
$ git add -u
fatal: not a git repository (or any of the parent directories): .git

git mv 1.txt readme

Administrator@DESKTOP-1D2G3LJ MINGW64 ~/Downloads/git -dome/0git (master)
$ git status
On branch master
Changes to be committed:
  (use "git restore --staged <file>..." to unstage)
        renamed:    1.txt -> 3.txt
        new file:   readme

Changes not staged for commit:
  (use "git add <file>..." to update what will be committed)
  (use "git restore <file>..." to discard changes in working directory)
        modified:   3.txt
        modified:   readme

Untracked files:
  (use "git add <file>..." to include in what will be committed)
        1..txt


Administrator@DESKTOP-1D2G3LJ MINGW64 ~/Downloads/git -dome/0git (master)
$ git commit -m"改名"
[master 3f36277] 改名
 2 files changed, 0 insertions(+), 0 deletions(-)
 rename 1.txt => 3.txt (100%)
 create mode 100644 readme

Administrator@DESKTOP-1D2G3LJ MINGW64 ~/Downloads/git -dome/0git (master)
$ git reset --hard HEAD^
HEAD is now at 6138da0 新增的了1.txt文件

Administrator@DESKTOP-1D2G3LJ MINGW64 ~/Downloads/git -dome/0git (master)
$ git status -s
?? 1..txt

Administrator@DESKTOP-1D2G3LJ MINGW64 ~/Downloads/git -dome/0git (master)
$ git ls-files
1.txt

Administrator@DESKTOP-1D2G3LJ MINGW64 ~/Downloads/git -dome/0git (master)
$ mv welcome.txt readme
mv: cannot stat 'welcome.txt': No such file or directory

Administrator@DESKTOP-1D2G3LJ MINGW64 ~/Downloads/git -dome/0git (master)
$ echo "Bye-Bye." >>README

Administrator@DESKTOP-1D2G3LJ MINGW64 ~/Downloads/git -dome/0git (master)
$ git add-A
git: 'add-A' is not a git command. See 'git --help'.

Administrator@DESKTOP-1D2G3LJ MINGW64 ~/Downloads/git -dome/0git (master)
$ git status
On branch master
Untracked files:
  (use "git add <file>..." to include in what will be committed)
        1..txt
        README

nothing added to commit but untracked files present (use "git add" to track)

Administrator@DESKTOP-1D2G3LJ MINGW64 ~/Downloads/git -dome/0git (master)
$ git commit -m "README is from welcome.txt"
On branch master
Untracked files:
  (use "git add <file>..." to include in what will be committed)
        1..txt
        README

nothing added to commit but untracked files present (use "git add" to track)

Administrator@DESKTOP-1D2G3LJ MINGW64 ~/Downloads/git -dome/0git (master)
$ git describe
fatal: No tags can describe '6138da033ee3f7986bb568036a963efb3d706ff4'.
Try --always, or create some tags.

Administrator@DESKTOP-1D2G3LJ MINGW64 ~/Downloads/git -dome/0git (master)
$ git log --oneline --decorate -4
6138da0 (HEAD -> master) 新增的了1.txt文件

Administrator@DESKTOP-1D2G3LJ MINGW64 ~/Downloads/git -dome/0git (master)
$ cd src
bash: cd: src: No such file or directory

Administrator@DESKTOP-1D2G3LJ MINGW64 ~/Downloads/git -dome/0git (master)
$ cd src

Administrator@DESKTOP-1D2G3LJ MINGW64 ~/Downloads/git -dome/0git/src (master)
$ make
bash: make: command not found

Administrator@DESKTOP-1D2G3LJ MINGW64 ~/Downloads/git -dome/0git/src (master)
$ git add -i

*** Commands ***
  1: status       2: update       3: revert       4: add untracked
  5: patch        6: diff         7: quit         8: help
What now> 4
           staged     unstaged path
  1: 1..txt
  2: README
Add untracked>> 1
           staged     unstaged path
* 1: 1..txt
  2: README
Add untracked>> 2
           staged     unstaged path
* 1: 1..txt
* 2: README
Add untracked>> 12
Huh (12)?
           staged     unstaged path
* 1: 1..txt
* 2: README
Add untracked>>
warning: in the working copy of 'README', LF will be replaced by CRLF the next time Git touches it
added 2 paths

*** Commands ***
  1: status       2: update       3: revert       4: add untracked
  5: patch        6: diff         7: quit         8: help
What now> 1
           staged     unstaged path
  1:        +1/-0      nothing 1..txt
  2:        +1/-0      nothing README

*** Commands ***
  1: status       2: update       3: revert       4: add untracked
  5: patch        6: diff         7: quit         8: help
What now> 7
Bye.

Administrator@DESKTOP-1D2G3LJ MINGW64 ~/Downloads/git -dome/0git/src (master)
$ cd/path/to/my/workspace/demo/src
bash: cd/path/to/my/workspace/demo/src: No such file or directory

Administrator@DESKTOP-1D2G3LJ MINGW64 ~/Downloads/git -dome/0git/src (master)
$ make clean && make
bash: make: command not found

Administrator@DESKTOP-1D2G3LJ MINGW64 ~/Downloads/git -dome/0git/src (master)
$ ./hellp
bash: ./hellp: No such file or directory

Administrator@DESKTOP-1D2G3LJ MINGW64 ~/Downloads/git -dome/0git/src (master)
$ cd/path/to/my/workspace/demo/src
bash: cd/path/to/my/workspace/demo/src: No such file or directory

Administrator@DESKTOP-1D2G3LJ MINGW64 ~/Downloads/git -dome/0git/src (master)
$ git status -s
A  ../1..txt
A  ../README
?? ./

Administrator@DESKTOP-1D2G3LJ MINGW64 ~/Downloads/git -dome/0git/src (master)
$ cat >.gitignore <<EOF
> hellp
> 1..txt
>
> 7
> eof
> EOF

Administrator@DESKTOP-1D2G3LJ MINGW64 ~/Downloads/git -dome/0git/src (master)
$ CAT .GITIGNORE
hellp
1..txt

7
eof

Administrator@DESKTOP-1D2G3LJ MINGW64 ~/Downloads/git -dome/0git/src (master)
$ git status -s
A  ../1..txt
A  ../README
?? ./

Administrator@DESKTOP-1D2G3LJ MINGW64 ~/Downloads/git -dome/0git/src (master)
$ git mv .gitignore ..
fatal: not under version control, source=src/.gitignore, destination=.gitignore

Administrator@DESKTOP-1D2G3LJ MINGW64 ~/Downloads/git -dome/0git/src (master)
$ git mv .gitignore
usage: git mv [<options>] <source>... <destination>

    -v, --[no-]verbose    be verbose
    -n, --[no-]dry-run    dry run
    -f, --[no-]force      force move/rename even if target exists
    -k                    skip move/rename errors
    --[no-]sparse         allow updating entries outside of the sparse-checkout cone


Administrator@DESKTOP-1D2G3LJ MINGW64 ~/Downloads/git -dome/0git/src (master)
$ git commit -m "move .gitignore outside also works"
[master 424673d] move .gitignore outside also works
 2 files changed, 2 insertions(+)
 create mode 100644 1..txt
 create mode 100644 README

Administrator@DESKTOP-1D2G3LJ MINGW64 ~/Downloads/git -dome/0git/src (master)
$ acho "/*test*/">hello.h
bash: acho: command not found

Administrator@DESKTOP-1D2G3LJ MINGW64 ~/Downloads/git -dome/0git/src (master)
$ echo "/*test*/">hello.h

Administrator@DESKTOP-1D2G3LJ MINGW64 ~/Downloads/git -dome/0git/src (master)
$ git status
On branch master
Untracked files:
  (use "git add <file>..." to include in what will be committed)
        ./

nothing added to commit but untracked files present (use "git add" to track)

Administrator@DESKTOP-1D2G3LJ MINGW64 ~/Downloads/git -dome/0git/src (master)
$ git status ==ignored -s

Administrator@DESKTOP-1D2G3LJ MINGW64 ~/Downloads/git -dome/0git/src (master)
$ git add -f hello.h
warning: in the working copy of 'src/hello.h', LF will be replaced by CRLF the next time Git touches it

Administrator@DESKTOP-1D2G3LJ MINGW64 ~/Downloads/git -dome/0git/src (master)
$ git commit -m "add hello.h"
[master d902eee] add hello.h
 1 file changed, 1 insertion(+)
 create mode 100644 src/hello.h

Administrator@DESKTOP-1D2G3LJ MINGW64 ~/Downloads/git -dome/0git/src (master)
$ git commit -a -m
error: switch `m' requires a value

Administrator@DESKTOP-1D2G3LJ MINGW64 ~/Downloads/git -dome/0git/src (master)
$ echo "/* end */" >>hello.h



