Administrator@DESKTOP-1D2G3LJ MINGW64 ~/Downloads/git -dome/0git (master)
$ git status
On branch master
Untracked files:
  (use "git add <file>..." to include in what will be committed)
        3.txt

nothing added to commit but untracked files present (use "git add" to track)

Administrator@DESKTOP-1D2G3LJ MINGW64 ~/Downloads/git -dome/0git (master)
$ git add 1.txt

Administrator@DESKTOP-1D2G3LJ MINGW64 ~/Downloads/git -dome/0git (master)
$ git reste 1.txt
git: 'reste' is not a git command. See 'git --help'.

The most similar command is
        reset

Administrator@DESKTOP-1D2G3LJ MINGW64 ~/Downloads/git -dome/0git (master)
$ git add 3.txt

Administrator@DESKTOP-1D2G3LJ MINGW64 ~/Downloads/git -dome/0git (master)
$ git commit -m ‘新增6.txt，修改2.txt’ 6.txt 3.txt
error: pathspec '6.txt' did not match any file(s) known to git

Administrator@DESKTOP-1D2G3LJ MINGW64 ~/Downloads/git -dome/0git (master)
$ git log
commit 6138da033ee3f7986bb568036a963efb3d706ff4 (HEAD -> master)
Author: liu <3250707938@qq.com>
Date:   Tue Apr 9 23:26:26 2024 +0800

    新增的了1.txt文件


远程仓库

Administrator@DESKTOP-1D2G3LJ MINGW64 ~/Downloads/git -dome/0git (master)
$ git remote
origin

Administrator@DESKTOP-1D2G3LJ MINGW64 ~/Downloads/git -dome/0git (master)
$ git remote -v
origin  https://github.com/lqdsgsg/git.git (fetch)
origin  https://github.com/lqdsgsg/git.git (push)

Administrator@DESKTOP-1D2G3LJ MINGW64 ~/Downloads/git -dome/0git (master)
$ git remote add origin httphttps://github.com/lqdsgsg/git.gits://github.com/lqdsgsg/git.git
error: remote origin already exists.

Administrator@DESKTOP-1D2G3LJ MINGW64 ~/Downloads/git -dome/0git (master)
$ git push origin master
fatal: User canceled device code authentication
error: unable to read askpass response from 'E:/Program Files/Git/mingw64/bin/git-askpass.exe'
Password for 'https://github.com':

remote: No anonymous write access.
fatal: Authentication failed for 'https://github.com/lqdsgsg/git.git/'


分支
Administrator@DESKTOP-1D2G3LJ MINGW64 ~/Downloads/git -dome/0git (master)
$  git branch
* master

Administrator@DESKTOP-1D2G3LJ MINGW64 ~/Downloads/git -dome/0git (master)
$ git branch b1

Administrator@DESKTOP-1D2G3LJ MINGW64 ~/Downloads/git -dome/0git (master)
$ git branch
  b1
* master

Administrator@DESKTOP-1D2G3LJ MINGW64 ~/Downloads/git -dome/0git (master)
$ git checkout b1
Switched to branch 'b1'
A       3.txt

Administrator@DESKTOP-1D2G3LJ MINGW64 ~/Downloads/git -dome/0git (b1)
$ git branch
* b1
  master

Administrator@DESKTOP-1D2G3LJ MINGW64 ~/Downloads/git -dome/0git (b1)
$ git status
On branch b1
Changes to be committed:
  (use "git restore --staged <file>..." to unstage)
        new file:   3.txt


Administrator@DESKTOP-1D2G3LJ MINGW64 ~/Downloads/git -dome/0git (b1)
$ git add3.txt
git: 'add3.txt' is not a git command. See 'git --help'.

Administrator@DESKTOP-1D2G3LJ MINGW64 ~/Downloads/git -dome/0git (b1)
$ git add 3.txt

Administrator@DESKTOP-1D2G3LJ MINGW64 ~/Downloads/git -dome/0git (b1)
$ git add .

Administrator@DESKTOP-1D2G3LJ MINGW64 ~/Downloads/git -dome/0git (b1)
$ git commit -m 'add' 7.txt
[b1 9aca919] add
 1 file changed, 0 insertions(+), 0 deletions(-)
 create mode 100644 7.txt

Administrator@DESKTOP-1D2G3LJ MINGW64 ~/Downloads/git -dome/0git (b1)
$ git checkout master
Switched to branch 'master'
A       3.txt

Administrator@DESKTOP-1D2G3LJ MINGW64 ~/Downloads/git -dome/0git (master)
$ git checkout b1
Switched to branch 'b1'
A       3.txt

Administrator@DESKTOP-1D2G3LJ MINGW64 ~/Downloads/git -dome/0git (b1)
$ git merge b1
Already up to date.

Administrator@DESKTOP-1D2G3LJ MINGW64 ~/Downloads/git -dome/0git (b1)
$ git  branch -d b2

标签

Administrator@DESKTOP-1D2G3LJ MINGW64 ~/Downloads/git -dome/0git (b1)
$ git tag

Administrator@DESKTOP-1D2G3LJ MINGW64 ~/Downloads/git -dome/0git (b1)
$ git tag v1.0

Administrator@DESKTOP-1D2G3LJ MINGW64 ~/Downloads/git -dome/0git (b1)
$ git tag
v1.0

Administrator@DESKTOP-1D2G3LJ MINGW64 ~/Downloads/git -dome/0git (b1)
$ git add .

Administrator@DESKTOP-1D2G3LJ MINGW64 ~/Downloads/git -dome/0git (b1)
$ git commit -m 'add' 9..txt
[b1 33bf965] add
 1 file changed, 0 insertions(+), 0 deletions(-)
 create mode 100644 9..txt

Administrator@DESKTOP-1D2G3LJ MINGW64 ~/Downloads/git -dome/0git (b1)
$ git push origin v1.0
Administrator@DESKTOP-1D2G3LJ MINGW64 ~/Downloads/git -dome/0git (b1)
$ git tag v2.0

Administrator@DESKTOP-1D2G3LJ MINGW64 ~/Downloads/git -dome/0git (b1)
$ git checkout -b bv1 一.0
fatal: '一.0' is not a commit and a branch 'bv1' cannot be created from it

Administrator@DESKTOP-1D2G3LJ MINGW64 ~/Downloads/git -dome/0git (b1)
$ git checkout master
Switched to branch 'master'
A       3.txt
